// Jest Snapshot v1, https://goo.gl/fbAQLP

exports[`renderes correctly 1`] = `
<div
  className="hr"
/>
`;
